// Vitest Snapshot v1, https://vitest.dev/guide/snapshot.html

exports[`Planet > it matches the snapshot 1`] = `
<div
  class="_orbit_ff166d orbitLine"
  data-testid="jupiter-orbit-line"
  style="animation: orbit 4331s linear infinite; height: 16267.508000000002px; left: 75888.8301142454px; top: 75888.8301142454px; width: 16267.508000000002px;"
>
  <div
    class="_celestialBody_ff166d some-styles"
    data-testid="jupiter"
    style="animation: planet-rotation 4331s linear infinite; height: 71.498px; left: -35.749px; top: 50%; width: 71.498px;"
    title="some-styles"
  >
    <div
      class="_orbit_ff166d orbitLine"
      data-testid="io-orbit-line"
      style="animation: orbit 1.77s linear infinite; height: 155.83800000000002px; left: -42.17000000000001px; top: -42.17000000000001px; width: 155.83800000000002px;"
    >
      <div
        class="_celestialBody_ff166d _satellite_aa3876"
        data-testid="io"
        style="animation: planet-rotation 1.77s linear infinite; height: 2px; left: -1px; top: 50%; width: 2px;"
        title="_satellite_aa3876"
      />
    </div>
    <div
      class="_orbit_ff166d orbitLine"
      data-testid="europa-orbit-line"
      style="animation: orbit 3.55s linear infinite; height: 205.678px; left: -67.09px; top: -67.09px; width: 205.678px;"
    >
      <div
        class="_celestialBody_ff166d _satellite_aa3876"
        data-testid="europa"
        style="animation: planet-rotation 3.55s linear infinite; height: 2px; left: -1px; top: 50%; width: 2px;"
        title="_satellite_aa3876"
      />
    </div>
    <div
      class="_orbit_ff166d orbitLine"
      data-testid="ganymede-orbit-line"
      style="animation: orbit 7.15s linear infinite; height: 285.57800000000003px; left: -107.04px; top: -107.04px; width: 285.57800000000003px;"
    >
      <div
        class="_celestialBody_ff166d _satellite_aa3876"
        data-testid="ganymede"
        style="animation: planet-rotation 7.15s linear infinite; height: 2.634px; left: -1.317px; top: 50%; width: 2.634px;"
        title="_satellite_aa3876"
      />
    </div>
    <div
      class="_orbit_ff166d orbitLine"
      data-testid="callisto-orbit-line"
      style="animation: orbit 16.69s linear infinite; height: 448.038px; left: -188.27px; top: -188.27px; width: 448.038px;"
    >
      <div
        class="_celestialBody_ff166d _satellite_aa3876"
        data-testid="callisto"
        style="animation: planet-rotation 16.69s linear infinite; height: 2.41px; left: -1.205px; top: 50%; width: 2.41px;"
        title="_satellite_aa3876"
      />
    </div>
  </div>
</div>
`;
