// Vitest Snapshot v1, https://vitest.dev/guide/snapshot.html

exports[`NotificationView > it matches snapshot 1`] = `
<li
  class="_notification_43395a _error_43395a"
  data-testid="notification-view"
  style="opacity: 0; transform: translateY(50px) scale(0.3);"
>
  <div
    class="_content_43395a"
  >
    <div
      class="_icon_caffd4"
      data-testid="error-icon"
    >
      <svg
        aria-hidden="true"
        class="svg-inline--fa fa-circle-exclamation fa-lg "
        data-icon="circle-exclamation"
        data-prefix="fas"
        focusable="false"
        role="img"
        viewBox="0 0 512 512"
        xmlns="http://www.w3.org/2000/svg"
      >
        <path
          d="M256 512A256 256 0 1 0 256 0a256 256 0 1 0 0 512zm0-384c13.3 0 24 10.7 24 24l0 112c0 13.3-10.7 24-24 24s-24-10.7-24-24l0-112c0-13.3 10.7-24 24-24zM224 352a32 32 0 1 1 64 0 32 32 0 1 1 -64 0z"
          fill="currentColor"
        />
      </svg>
    </div>
    <div
      class="_message_43395a"
    >
      Some error!
    </div>
    <button
      class="_close_241e48"
      data-testid="close-button"
    >
      <svg
        height="12"
        viewBox="0 0 12 12"
        width="12"
      >
        <path
          d="M 1 1 L 11 11"
          fill="transparent"
          stroke="#fefefe"
          stroke-linecap="round"
          stroke-width="3"
        />
        <path
          d="M 1 11 L 11 1"
          fill="transparent"
          stroke="#fefefe"
          stroke-linecap="round"
          stroke-width="3"
        />
      </svg>
    </button>
  </div>
</li>
`;
