// Jest Snapshot v1, https://goo.gl/fbAQLP

exports[`NotificationView it matches snapshot 1`] = `
<li
  class="notification error"
  data-testid="notification-view"
  style="opacity: 0; transform: translateY(50px) scale(0.3) translateZ(0);"
>
  <div
    class="content"
  >
    <div
      class="icon"
      data-testid="error-icon"
    >
      <svg
        aria-hidden="true"
        class="svg-inline--fa fa-circle-exclamation fa-lg "
        data-icon="circle-exclamation"
        data-prefix="fas"
        focusable="false"
        role="img"
        viewBox="0 0 512 512"
        xmlns="http://www.w3.org/2000/svg"
      >
        <path
          d="M256 0C114.6 0 0 114.6 0 256s114.6 256 256 256s256-114.6 256-256S397.4 0 256 0zM232 152C232 138.8 242.8 128 256 128s24 10.75 24 24v128c0 13.25-10.75 24-24 24S232 293.3 232 280V152zM256 400c-17.36 0-31.44-14.08-31.44-31.44c0-17.36 14.07-31.44 31.44-31.44s31.44 14.08 31.44 31.44C287.4 385.9 273.4 400 256 400z"
          fill="currentColor"
        />
      </svg>
    </div>
    <div
      class="message"
    >
      Some error!
    </div>
    <button
      class="close"
      data-testid="close-button"
    >
      <svg
        height="12"
        viewBox="0 0 12 12"
        width="12"
      >
        <path
          d="M 1 1 L 11 11"
          fill="transparent"
          stroke="#fefefe"
          stroke-linecap="round"
          stroke-width="3"
        />
        <path
          d="M 1 11 L 11 1"
          fill="transparent"
          stroke="#fefefe"
          stroke-linecap="round"
          stroke-width="3"
        />
      </svg>
    </button>
  </div>
</li>
`;
