// Jest Snapshot v1, https://goo.gl/fbAQLP

exports[`NotificationView it matches snapshot 1`] = `
<li
  class="notification error"
  data-testid="notification-view"
  style="opacity: 0; transform: translateY(50px) scale(0.3) translateZ(0);"
>
  <div
    class="content"
  >
    <div
      class="icon"
      data-testid="error-icon"
    >
      <svg
        aria-hidden="true"
        class="svg-inline--fa fa-circle-exclamation fa-lg "
        data-icon="circle-exclamation"
        data-prefix="fas"
        focusable="false"
        role="img"
        viewBox="0 0 512 512"
        xmlns="http://www.w3.org/2000/svg"
      >
        <path
          d="M256 512c141.4 0 256-114.6 256-256S397.4 0 256 0S0 114.6 0 256S114.6 512 256 512zm0-384c13.3 0 24 10.7 24 24V264c0 13.3-10.7 24-24 24s-24-10.7-24-24V152c0-13.3 10.7-24 24-24zm32 224c0 17.7-14.3 32-32 32s-32-14.3-32-32s14.3-32 32-32s32 14.3 32 32z"
          fill="currentColor"
        />
      </svg>
    </div>
    <div
      class="message"
    >
      Some error!
    </div>
    <button
      class="close"
      data-testid="close-button"
    >
      <svg
        height="12"
        viewBox="0 0 12 12"
        width="12"
      >
        <path
          d="M 1 1 L 11 11"
          fill="transparent"
          stroke="#fefefe"
          stroke-linecap="round"
          stroke-width="3"
        />
        <path
          d="M 1 11 L 11 1"
          fill="transparent"
          stroke="#fefefe"
          stroke-linecap="round"
          stroke-width="3"
        />
      </svg>
    </button>
  </div>
</li>
`;
