// Jest Snapshot v1, https://goo.gl/fbAQLP

exports[`InfoMenu it matches snapshot 1`] = `
<div
  data-testid="info-menu"
>
  <div
    class="heading"
  >
    infoMenu.time
  </div>
  <div
    class="stat"
    data-testid="time"
  >
    infoMenu.secondsForOneDay
  </div>
  <div
    class="heading"
  >
    infoMenu.distanceBetweenPlanets
  </div>
  <div
    class="stat"
    data-testid="planet-distance"
  >
    infoMenu.kmPerPixel
  </div>
  <div
    class="heading"
  >
    infoMenu.distanceBetweenPlanetsAndMoons
  </div>
  <div
    class="stat"
    data-testid="satellite-distance"
  >
    infoMenu.kmPerPixel
  </div>
  <div
    class="heading"
  >
    infoMenu.planetSize
  </div>
  <div
    class="stat"
    data-testid="planet-size"
  >
    infoMenu.kmPerPixel
  </div>
  <div
    class="buttonWrapper"
  >
    <div
      aria-label="infoMenu.normaliseDistance"
      class="button"
      role="button"
    >
      infoMenu.normaliseDistance
    </div>
  </div>
  <div
    class="buttonWrapper"
  >
    <div
      aria-label="infoMenu.showOrbits"
      class="button"
      role="button"
    >
      infoMenu.showOrbits
    </div>
  </div>
</div>
`;
