// Vitest Snapshot v1, https://vitest.dev/guide/snapshot.html

exports[`InfoMenu > it matches snapshot 1`] = `
<div
  data-testid="info-menu"
>
  <div
    class="_heading_46b9c4"
  >
    Time
  </div>
  <div
    class="_stat_46b9c4"
    data-testid="time"
  >
    1 s = 1 day
  </div>
  <div
    class="_heading_46b9c4"
  >
    Distance Between Planets
  </div>
  <div
    class="_stat_46b9c4"
    data-testid="planet-distance"
  >
    1 pixel = 100,000 km
  </div>
  <div
    class="_heading_46b9c4"
  >
    Distance Between
Planets And Moons
  </div>
  <div
    class="_stat_46b9c4"
    data-testid="satellite-distance"
  >
    1 pixel = 10,000 km
  </div>
  <div
    class="_heading_46b9c4"
  >
    Planet Size
  </div>
  <div
    class="_stat_46b9c4"
    data-testid="planet-size"
  >
    1 pixel = 2,000 km
  </div>
  <div
    class="_buttonWrapper_46b9c4"
  >
    <button
      aria-label="Normalise Distance"
      class="_button_46b9c4"
      tabindex="0"
    >
      Normalise Distance
    </button>
  </div>
  <div
    class="_buttonWrapper_46b9c4"
  >
    <button
      aria-label="Show Orbits"
      class="_button_46b9c4"
      tabindex="0"
    >
      Show Orbits
    </button>
  </div>
</div>
`;
