// Jest Snapshot v1, https://goo.gl/fbAQLP

exports[`NavMenu it matches snapshot 1`] = `
<div
  class="nav"
  data-testid="nav-menu-container"
>
  <div
    class="header"
  >
    <button
      class="headerButton"
      data-testid="nav-menu-button"
    >
      <svg
        aria-hidden="true"
        class="svg-inline--fa fa-bars "
        data-icon="bars"
        data-prefix="fas"
        focusable="false"
        role="img"
        viewBox="0 0 448 512"
        xmlns="http://www.w3.org/2000/svg"
      >
        <path
          d="M0 96C0 78.3 14.3 64 32 64H416c17.7 0 32 14.3 32 32s-14.3 32-32 32H32C14.3 128 0 113.7 0 96zM0 256c0-17.7 14.3-32 32-32H416c17.7 0 32 14.3 32 32s-14.3 32-32 32H32c-17.7 0-32-14.3-32-32zM448 416c0 17.7-14.3 32-32 32H32c-17.7 0-32-14.3-32-32s14.3-32 32-32H416c17.7 0 32 14.3 32 32z"
          fill="currentColor"
        />
      </svg>
    </button>
  </div>
  <div
    class="menu"
    data-testid="nav-menu"
    style="transform: translateX(100vw);"
  >
    <div
      class="subsection"
    >
      <button
        class="title"
      >
        Info
      </button>
      <div
        class="content"
        style="max-height: 0;"
      >
        <div
          data-testid="info-menu"
        >
          <div
            class="heading"
          >
            Time
          </div>
          <div
            class="stat"
            data-testid="time"
          >
            1 s = 1 day
          </div>
          <div
            class="heading"
          >
            Distance Between Planets
          </div>
          <div
            class="stat"
            data-testid="planet-distance"
          >
            1 pixel = 100,000 km
          </div>
          <div
            class="heading"
          >
            Distance Between
Planets And Moons
          </div>
          <div
            class="stat"
            data-testid="satellite-distance"
          >
            1 pixel = 10,000 km
          </div>
          <div
            class="heading"
          >
            Planet Size
          </div>
          <div
            class="stat"
            data-testid="planet-size"
          >
            1 pixel = 2,000 km
          </div>
          <div
            class="buttonWrapper"
          >
            <button
              aria-label="Normalise Distance"
              class="button"
            >
              Normalise Distance
            </button>
          </div>
          <div
            class="buttonWrapper"
          >
            <button
              aria-label="Show Orbits"
              class="button"
            >
              Show Orbits
            </button>
          </div>
        </div>
      </div>
    </div>
    <div
      class="subsection"
    >
      <button
        class="title"
      >
        Navigation
      </button>
      <div
        class="content"
        style="max-height: 0;"
      >
        <div
          class="navButtons"
        >
          <button
            aria-label="Sun"
            class="navItem"
            data-testid="sun-button"
          >
            <span>
              Sun
            </span>
          </button>
          <button
            aria-label="Mercury"
            class="navItem"
            data-testid="mercury-button"
          >
            <span>
              Mercury
            </span>
          </button>
          <button
            aria-label="Venus"
            class="navItem"
            data-testid="venus-button"
          >
            <span>
              Venus
            </span>
          </button>
          <button
            aria-label="Earth"
            class="navItem"
            data-testid="earth-button"
          >
            <span>
              Earth
            </span>
          </button>
          <button
            aria-label="Mars"
            class="navItem"
            data-testid="mars-button"
          >
            <span>
              Mars
            </span>
          </button>
          <button
            aria-label="The Belt"
            class="navItem"
            data-testid="theBelt-button"
          >
            <span>
              The Belt
            </span>
          </button>
          <button
            aria-label="Jupiter"
            class="navItem"
            data-testid="jupiter-button"
          >
            <span>
              Jupiter
            </span>
          </button>
          <button
            aria-label="Saturn"
            class="navItem"
            data-testid="saturn-button"
          >
            <span>
              Saturn
            </span>
          </button>
          <button
            aria-label="Uranus"
            class="navItem"
            data-testid="uranus-button"
          >
            <span>
              Uranus
            </span>
          </button>
          <button
            aria-label="Neptune"
            class="navItem"
            data-testid="neptune-button"
          >
            <span>
              Neptune
            </span>
          </button>
          <button
            aria-label="Pluto"
            class="navItem"
            data-testid="pluto-button"
          >
            <span>
              Pluto
            </span>
          </button>
        </div>
      </div>
    </div>
  </div>
</div>
`;
