// Jest Snapshot v1, https://goo.gl/fbAQLP

exports[`NavMenu it matches snapshot 1`] = `
<div
  class="nav"
>
  <div
    class="header"
  >
    <div
      class="headerButton"
      data-testid="nav-menu-button"
      role="button"
      tabindex="0"
    >
      <svg
        aria-hidden="true"
        class="svg-inline--fa fa-bars fa-w-14 "
        data-icon="bars"
        data-prefix="fas"
        focusable="false"
        role="img"
        viewBox="0 0 448 512"
        xmlns="http://www.w3.org/2000/svg"
      >
        <path
          d="M16 132h416c8.837 0 16-7.163 16-16V76c0-8.837-7.163-16-16-16H16C7.163 60 0 67.163 0 76v40c0 8.837 7.163 16 16 16zm0 160h416c8.837 0 16-7.163 16-16v-40c0-8.837-7.163-16-16-16H16c-8.837 0-16 7.163-16 16v40c0 8.837 7.163 16 16 16zm0 160h416c8.837 0 16-7.163 16-16v-40c0-8.837-7.163-16-16-16H16c-8.837 0-16 7.163-16 16v40c0 8.837 7.163 16 16 16z"
          fill="currentColor"
        />
      </svg>
    </div>
  </div>
  <div
    class="menu"
    data-testid="nav-menu"
  >
    <div
      class="title"
      role="button"
      tabindex="0"
    >
      info
    </div>
    <div
      class="content"
      style="max-height: 0;"
    >
      <div
        data-testid="info-menu"
      >
        <div
          class="heading"
        >
          infoMenu.time
        </div>
        <div
          class="stat"
          data-testid="time"
        >
          infoMenu.secondsForOneDay
        </div>
        <div
          class="heading"
        >
          infoMenu.distanceBetweenPlanets
        </div>
        <div
          class="stat"
          data-testid="planet-distance"
        >
          infoMenu.kmPerPixel
        </div>
        <div
          class="heading"
        >
          infoMenu.distanceBetweenPlanetsAndMoons
        </div>
        <div
          class="stat"
          data-testid="satellite-distance"
        >
          infoMenu.kmPerPixel
        </div>
        <div
          class="heading"
        >
          infoMenu.planetSize
        </div>
        <div
          class="stat"
          data-testid="planet-size"
        >
          infoMenu.kmPerPixel
        </div>
        <div
          class="buttonWrapper"
        >
          <div
            aria-label="infoMenu.normaliseDistance"
            class="button"
            role="button"
          >
            infoMenu.normaliseDistance
          </div>
        </div>
        <div
          class="buttonWrapper"
        >
          <div
            aria-label="infoMenu.showOrbits"
            class="button"
            role="button"
          >
            infoMenu.showOrbits
          </div>
        </div>
      </div>
    </div>
    <div
      class="title"
      role="button"
      tabindex="0"
    >
      navigation
    </div>
    <div
      class="content"
      style="max-height: 0;"
    >
      <div
        class="navButtons"
      >
        <div>
          <div
            aria-label="pointsOfInterest.sun"
            class="navItem"
            role="button"
          >
            pointsOfInterest.sun
          </div>
        </div>
        <div>
          <div
            aria-label="pointsOfInterest.mercury"
            class="navItem"
            role="button"
          >
            pointsOfInterest.mercury
          </div>
        </div>
        <div>
          <div
            aria-label="pointsOfInterest.venus"
            class="navItem"
            role="button"
          >
            pointsOfInterest.venus
          </div>
        </div>
        <div>
          <div
            aria-label="pointsOfInterest.earth"
            class="navItem"
            role="button"
          >
            pointsOfInterest.earth
          </div>
        </div>
        <div>
          <div
            aria-label="pointsOfInterest.mars"
            class="navItem"
            role="button"
          >
            pointsOfInterest.mars
          </div>
        </div>
        <div>
          <div
            aria-label="pointsOfInterest.theBelt"
            class="navItem"
            role="button"
          >
            pointsOfInterest.theBelt
          </div>
        </div>
        <div>
          <div
            aria-label="pointsOfInterest.jupiter"
            class="navItem"
            role="button"
          >
            pointsOfInterest.jupiter
          </div>
        </div>
        <div>
          <div
            aria-label="pointsOfInterest.saturn"
            class="navItem"
            role="button"
          >
            pointsOfInterest.saturn
          </div>
        </div>
        <div>
          <div
            aria-label="pointsOfInterest.uranus"
            class="navItem"
            role="button"
          >
            pointsOfInterest.uranus
          </div>
        </div>
        <div>
          <div
            aria-label="pointsOfInterest.neptune"
            class="navItem"
            role="button"
          >
            pointsOfInterest.neptune
          </div>
        </div>
        <div>
          <div
            aria-label="pointsOfInterest.pluto"
            class="navItem"
            role="button"
          >
            pointsOfInterest.pluto
          </div>
        </div>
      </div>
    </div>
  </div>
</div>
`;
